[dotenv@17.2.3] injecting env (11) from .env -- tip: ΓÜÖ∩╕Å  enable debug logging with { debug: true }
Testing Twilio with following config:
SID: ACa31b7e587848418b7fa825ee9a13ebb0
From: +14847398405
Detailed Error:
Status: 400
Code: 21608
Message: The number +91987654XXXX is unverified. Trial accounts cannot send messages to unverified numbers; verify +91987654XXXX at twilio.com/user/account/phone-numbers/verified, or purchase a Twilio number to send messages to unverified numbers
More info: https://www.twilio.com/docs/errors/21608
